🎯 MCP DANFE Downloader - Servidor iniciado
✅ Usando Playwright em modo headed para contornar Cloudflare
📁 Downloads salvos em: downloads/
🚀 Pronto para processar downloads de DANFE XML
